...........                                                              [100%]
11 passed in 0.55s
